../Core/Src/main.c:63:6:HAL_CAN_TxMailbox0CompleteCallback	16	static
../Core/Src/main.c:67:6:HAL_CAN_TxMailbox1CompleteCallback	16	static
../Core/Src/main.c:71:6:HAL_CAN_TxMailbox2CompleteCallback	16	static
../Core/Src/main.c:76:6:HAL_CAN_RxFifo0MsgPendingCallback	56	static
../Core/Src/main.c:92:6:HAL_CAN_ErrorCallback	16	static
../Core/Src/main.c:103:5:main	8	static
../Core/Src/main.c:162:6:SystemClock_Config	88	static
../Core/Src/main.c:209:13:MX_CAN1_Init	8	static
../Core/Src/main.c:246:13:MX_GPIO_Init	16	static
../Core/Src/main.c:262:6:CAN1_Tx	48	static
../Core/Src/main.c:301:6:CAN_Filter_Config	48	static
../Core/Src/main.c:327:6:Error_Handler	4	static,ignoring_inline_asm
